C:/Users/shiro/STM32CubeIDE/workspace_1.16.0/HexapodRobot_H723ZG_20240924/mtk3_bsp2/include/tk/sysdepend/stm32_cube/cpu/core/armv7m/syslib.h:75:13:out_w	16	static
C:/Users/shiro/STM32CubeIDE/workspace_1.16.0/HexapodRobot_H723ZG_20240924/mtk3_bsp2/include/tk/sysdepend/stm32_cube/cpu/core/armv7m/syslib.h:92:11:in_w	16	static
C:/Users/shiro/STM32CubeIDE/workspace_1.16.0/HexapodRobot_H723ZG_20240924/mtk3_bsp2/sysdepend/stm32_cube/halif.h:30:17:halif_get_sysclk	8	static
../mtk3_bsp2/sysdepend/stm32_cube/cpu/core/armv7m/sys_start.c:47:13:knl_start_mtkernel	24	static
